@prefix sh: <http://www.w3.org/ns/shacl#> .
@prefix rdf: <http://www.w3.org/1999/02/22-rdf-syntax-ns#> .
@prefix rdfs: <http://www.w3.org/2000/01/rdf-schema#> .
@prefix xsd: <http://www.w3.org/2001/XMLSchema#> .
@prefix schema: <http://schema.org/> .
@prefix cube: <https://cube.link/> .

_:report a sh:ValidationReport ;
	sh:result [
		rdf:type sh:ValidationResult ;
		sh:resultSeverity sh:Violation ;
		sh:sourceConstraintComponent sh:NodeConstraintComponent ;
		sh:sourceShape [
			sh:path cube:observationSet ;
			sh:minCount 1 ;
			sh:node <https://cube.link/shape/basic-cube-constraint#ObservationSetShape> ;
			sh:message "cube:Cube needs at least one cube:ObservationSet" ;
		] ;
		sh:focusNode <https://example.org/cube> ;
		sh:resultPath cube:observationSet ;
		sh:resultMessage "cube:Cube needs at least one cube:ObservationSet" ;
		sh:detail [
			rdf:type sh:ValidationResult ;
			sh:resultSeverity sh:Violation ;
			sh:sourceConstraintComponent sh:MinCountConstraintComponent ;
			sh:sourceShape [
				sh:path cube:observation ;
				sh:minCount 1 ;
				sh:message "cube:ObservationSet needs at least one cube:observation" ;
			] ;
			sh:focusNode <https://example.org/observationSet> ;
			sh:resultPath cube:observation ;
			sh:resultMessage "cube:ObservationSet needs at least one cube:observation" ;
		] ;
		sh:value <https://example.org/observationSet> ;
	] ;
	sh:conforms false .
