@prefix sh: <http://www.w3.org/ns/shacl#> .
@prefix rdf: <http://www.w3.org/1999/02/22-rdf-syntax-ns#> .
@prefix rdfs: <http://www.w3.org/2000/01/rdf-schema#> .
@prefix xsd: <http://www.w3.org/2001/XMLSchema#> .
@prefix schema: <http://schema.org/> .
@prefix cube: <https://cube.link/> .

_:report a sh:ValidationReport ;
	sh:result [
		rdf:type sh:ValidationResult ;
		sh:resultSeverity sh:Violation ;
		sh:sourceConstraintComponent sh:NodeConstraintComponent ;
		sh:sourceShape [
			sh:path cube:observationConstraint ;
			sh:maxCount 1 ;
			sh:minCount 1 ;
			sh:node <https://cube.link/shape/profile-visualize#ObservationConstraintShape> ;
		] ;
		sh:focusNode <http://example.org/Cube> ;
		sh:resultPath cube:observationConstraint ;
		sh:value <observationConstraint> ;
		sh:resultMessage "Value does not have shape <https://cube.link/shape/profile-visualize#ObservationConstraintShape>" ;
		sh:detail [
			rdf:type sh:ValidationResult ;
			sh:resultSeverity sh:Violation ;
			sh:sourceConstraintComponent sh:OrConstraintComponent ;
			sh:sourceShape _:b634 ;
			sh:focusNode <observationConstraint> ;
			sh:resultPath sh:property ;
			sh:value _:b2 ;
			sh:resultMessage "Dimension constraint must have exactly one datatype. It cannot be rdf:langString" ;
		] ;
	], [
		rdf:type sh:ValidationResult ;
		sh:resultSeverity sh:Violation ;
		sh:sourceConstraintComponent sh:OrConstraintComponent ;
		sh:sourceShape _:b634 ;
		sh:focusNode <observationConstraint> ;
		sh:resultPath sh:property ;
		sh:value _:b2 ;
		sh:resultMessage "Dimension constraint must have exactly one datatype. It cannot be rdf:langString" ;
	] ;
	sh:conforms false .

_:b634 sh:path sh:property ;
	sh:or (
		[
			sh:node <https://cube.link/shape/profile-visualize#ObservationConstraintDatatypeProperty> ;
		]
		[
			sh:node <https://cube.link/shape/profile-visualize#ObservationConstraintCoreProperty> ;
		]
	) ;
	sh:message "Dimension constraint must have exactly one datatype. It cannot be rdf:langString" .
