@prefix sh: <http://www.w3.org/ns/shacl#> .
@prefix rdf: <http://www.w3.org/1999/02/22-rdf-syntax-ns#> .
@prefix schema: <http://schema.org/> .
@prefix xsd: <http://www.w3.org/2001/XMLSchema#> .
@prefix cube: <https://cube.link/> .

_:report a sh:ValidationReport ;
	sh:result [
		rdf:type sh:ValidationResult ;
		sh:resultSeverity sh:Info ;
		sh:sourceConstraintComponent sh:XoneConstraintComponent ;
		sh:sourceShape <https://cube.link/shape/profile-visualize#KeyDimensionShInConstraint> ;
		sh:focusNode _:b2 ;
		sh:value _:b2 ;
		sh:resultMessage "For performance reason, add list of occurring elements to nominal and ordinal Key Dimensions" ;
	] ;
	sh:conforms false .
