@prefix sh: <http://www.w3.org/ns/shacl#> .
@prefix rdf: <http://www.w3.org/1999/02/22-rdf-syntax-ns#> .
@prefix rdfs: <http://www.w3.org/2000/01/rdf-schema#> .
@prefix xsd: <http://www.w3.org/2001/XMLSchema#> .
@prefix schema: <http://schema.org/> .
@prefix cube: <https://cube.link/> .

_:report a sh:ValidationReport ;
	sh:result [
		rdf:type sh:ValidationResult ;
		sh:resultSeverity sh:Violation ;
		sh:sourceConstraintComponent sh:NodeConstraintComponent ;
		sh:sourceShape [
			sh:path sh:property ;
			sh:node <https://cube.link/shape/standalone-constraint-constraint#PropertyWithType> ;
			sh:message "needs a sh:datatype, sh:nodeKind or sh:datatype within sh:or (...)" ;
		] ;
		sh:focusNode <https://example.org/shape> ;
		sh:value _:b3 ;
		sh:detail [
			rdf:type sh:ValidationResult ;
			sh:resultSeverity sh:Violation ;
			sh:sourceConstraintComponent sh:OrConstraintComponent ;
			sh:sourceShape <https://cube.link/shape/standalone-constraint-constraint#PropertyWithType> ;
			sh:focusNode _:b3 ;
			sh:value _:b3 ;
		] ;
		sh:resultPath sh:property ;
		sh:resultMessage "needs a sh:datatype, sh:nodeKind or sh:datatype within sh:or (...)" ;
	] ;
	sh:conforms false .
