@prefix sh: <http://www.w3.org/ns/shacl#> .
@prefix rdf: <http://www.w3.org/1999/02/22-rdf-syntax-ns#> .
@prefix rdfs: <http://www.w3.org/2000/01/rdf-schema#> .
@prefix xsd: <http://www.w3.org/2001/XMLSchema#> .
@prefix schema: <http://schema.org/> .
@prefix cube: <https://cube.link/> .

_:report a sh:ValidationReport ;
	sh:result [
		rdf:type sh:ValidationResult ;
		sh:resultSeverity sh:Violation ;
		sh:sourceConstraintComponent sh:HasValueConstraintComponent ;
		sh:sourceShape [
			sh:path schema:creativeWorkStatus ;
			sh:hasValue <https://ld.admin.ch/vocabulary/CreativeWorkStatus/Published> ;
		] ;
		sh:focusNode <http://example.org/Cube> ;
		sh:resultPath schema:creativeWorkStatus ;
		sh:resultMessage "Missing expected value <https://ld.admin.ch/vocabulary/CreativeWorkStatus/Published>" ;
	] ;
	sh:conforms false .
